     STATE PROPERTIES NNODES   NCORES    NGPUS
      free                 3        8        0
 allocated                 2        4        0
      down                 1        4        0
