Distributing 1 tasks per-core across 1 nodes with 1 cores 2 gpus
Used 1 nodes
0: rank=0 ntasks=1 cores=0 gpus=0-1
