Distributing 2 tasks per-core across 1 nodes with 2 cores
Used 1 nodes
0: rank=0 ntasks=4 cores=0-1
