Distributing 1 tasks per-node across 8 nodes with 8 cores
Used 8 nodes
0: rank=0 ntasks=1 cores=0
1: rank=1 ntasks=1 cores=0
2: rank=2 ntasks=1 cores=0
3: rank=3 ntasks=1 cores=0
4: rank=4 ntasks=1 cores=0
5: rank=5 ntasks=1 cores=0
6: rank=6 ntasks=1 cores=0
7: rank=7 ntasks=1 cores=0
