    STATUS NNODES RANKS           NODELIST
     avail      2 2-3             foo[3-4]
   drained      2 0-1             foo[1-2]
