    STATUS NNODES RANKS           NODELIST
     avail      2 2-3             foo[3-4]
   offline      1 1               foo2
   exclude      1 0               foo1
   drained      2 0-1             foo[1-2]
