     STATE NNODES RANKS           NODELIST
     avail      2 2-3             foo[3-4]
    avail*      1 1               foo2
   exclude      1 0               foo1
