    STATUS NNODES RANKS           NODELIST
     avail      3 0,2-3           foo[1,3-4]
   offline      1 1               foo2
