     STATE NNODES RANKS           NODELIST
     avail      4 0-3             foo[1-4]
