SETARGS(['-N4'])
SETARGS(['--queue=batch'])
SETARGS(['--job-name=app001'])
