SETARGS(['-N1', '--exclusive'])
SETARGS(['--output=job.out'])
