SETARGS(['--nodes=4'])
SETARGS(['--setattr=user.foo=hello, earth'])
