SETARGS(['--setattr=user.data={"option": "arg"}'])
