SETARGS(['-n', '32'])
NOOP([])
SETARGS(['--env=-*', '--env=PATH', '--env=PYTHONPATH'])
